title <-- Back
find --set-root /boot/submenus/install.lst
configfile /boot/submenus/install.lst

title Server Light i586 
find --set-root /boot/Install/ALTLinux_server_light/Platform6-1.1.7-20110616-server-light-i586-ru-install-cd.iso
map /boot/Install/ALTLinux_server_light/Platform6-1.1.7-20110616-server-light-i586-ru-install-cd.iso (0xff) || map --mem /boot/Install/ALTLinux_server_light/Platform6-1.1.7-20110616-server-light-i586-ru-install-cd.iso (0xff)
map --hook
root (0xff)
kernel /syslinux/alt0/vmlinuz changedisk ramdisk_size=88151 lang=ru_RU vga=0x314 noeject xdriver=auto quiet=1 showopts automatic=method:disk,uuid:709D-37F7,directory:/boot/Install/ALTLinux_server_light/Platform6-1.1.7-20110616-server-light-i586-ru-install-cd.iso
initrd /syslinux/alt0/full.cz

title Server Light x86_64 
find --set-root /boot/Install/ALTLinux_server_light/Platform6-1.1.7-20110616-server-light-x86_64-ru-install-cd.iso
map /boot/Install/ALTLinux_server_light/Platform6-1.1.7-20110616-server-light-x86_64-ru-install-cd.iso (0xff) || map --mem /boot/Install/ALTLinux_server_light/Platform6-1.1.7-20110616-server-light-x86_64-ru-install-cd.iso (0xff)
map --hook
root (0xff)
kernel /syslinux/alt0/vmlinuz changedisk ramdisk_size=91685 lang=ru_RU vga=0x314 noeject xdriver=auto quiet=1 showopts automatic=method:disk,uuid:709D-37F7,directory:/boot/Install/ALTLinux_server_light/Platform6-1.1.7-20110616-server-light-x86_64-ru-install-cd.iso
initrd /syslinux/alt0/full.cz

title Server Light Rescue i586 
find --set-root /boot/Install/ALTLinux_server_light/Platform6-1.1.7-20110616-server-light-i586-ru-install-cd.iso
map /boot/Install/ALTLinux_server_light/Platform6-1.1.7-20110616-server-light-i586-ru-install-cd.iso (0xff) || map --mem /boot/Install/ALTLinux_server_light/Platform6-1.1.7-20110616-server-light-i586-ru-install-cd.iso (0xff)
map --hook
root (0xff)
kernel /syslinux/alt0/vmlinuz live ramdisk_size=83207 fastboot stagename=rescue showopts automatic=method:disk,uuid:709D-37F7,directory:/boot/Install/ALTLinux_server_light/Platform6-1.1.7-20110616-server-light-i586-ru-install-cd.iso
initrd /syslinux/alt0/full.cz

title Server Light Rescue x86_64
find --set-root /boot/Install/ALTLinux_server_light/Platform6-1.1.7-20110616-server-light-x86_64-ru-install-cd.iso
map /boot/Install/ALTLinux_server_light/Platform6-1.1.7-20110616-server-light-x86_64-ru-install-cd.iso (0xff) || map --mem /boot/Install/ALTLinux_server_light/Platform6-1.1.7-20110616-server-light-x86_64-ru-install-cd.iso (0xff)
map --hook
kernel /syslinux/alt0/vmlinuz live ramdisk_size=85533 fastboot stagename=rescue showopts automatic=method:disk,uuid:709D-37F7,directory:/boot/Install/ALTLinux_server_light/Platform6-1.1.7-20110616-server-light-x86_64-ru-install-cd.iso
initrd /syslinux/alt0/full.cz
